 werkzeug : 2021-08-11 18:50:06,561 : _internal.py :  * Debugger is active! 
 werkzeug : 2021-08-11 18:50:06,568 : _internal.py :  * Debugger PIN: 468-623-038 
 werkzeug : 2021-08-11 18:50:06,738 : _internal.py :  * Running on http://127.0.0.1:5000/ (Press CTRL+C to quit) 
 werkzeug : 2021-08-11 18:59:43,332 : _internal.py : 127.0.0.1 - - [11/Aug/2021 18:59:43] "GET / HTTP/1.1" 200 - 
 werkzeug : 2021-08-11 18:59:43,745 : _internal.py : 127.0.0.1 - - [11/Aug/2021 18:59:43] "[36mGET /static/style.css HTTP/1.1[0m" 304 - 
 root : 2021-08-11 18:59:51,089 : app.py : Requested method : POST 
 root : 2021-08-11 18:59:52,707 : app.py : Pickle Model Loaded 
 root : 2021-08-11 18:59:52,708 : app.py : Data Converted  
 featureSetting : 2021-08-11 18:59:52,708 : featureSetting.py : Threading Called ! 
 featureSetting : 2021-08-11 18:59:52,708 : featureSetting.py : Threading Created ! 
 featureSetting : 2021-08-11 18:59:52,708 : featureSetting.py : Data received From User : {'Airline': 'IndiGo', 'Source': 'Banglore', 'Destination': 'Delhi', 'Total_Stops': 'non-stop', 'Departure_Date': '2021-08-13', 'Total_Duration': '19', 'submit': ' Calculate Total Flight Fare! '} 
 featureSetting : 2021-08-11 18:59:52,708 : featureSetting.py : Data Cleaned : {'Airline': 'IndiGo', 'Source': 'Banglore', 'Destination': 'Delhi', 'Total_Stops': 'non-stop', 'Total_Duration': '19', 'Journey_month': '08', 'Journey_day': '13'} 
 featureSetting : 2021-08-11 18:59:52,709 : featureSetting.py : Data for Database: {'Airline': 'IndiGo', 'Source': 'Banglore', 'Destination': 'Delhi', 'Total_Stops': 'non-stop', 'Total_Duration': '19', 'Journey_month': '08', 'Journey_day': '13'} 
 featureSetting : 2021-08-11 18:59:52,709 : featureSetting.py : Threading Started ! 
 featureSetting : 2021-08-11 18:59:52,752 : featureSetting.py : Frame created and data appended 
 featureSetting : 2021-08-11 18:59:52,785 : featureSetting.py : Dummy variables created from received data 
 featureSetting : 2021-08-11 18:59:52,788 : featureSetting.py : Data scaled and sent for prediction 
 cassandra.cluster : 2021-08-11 18:59:53,935 : cluster.py : Connecting to cluster, contact points: [<SniEndPoint: 0f7c8910-3aa9-41a2-8468-1cfe1ab42d40-us-east-1.db.astra.datastax.com:29042:17857d1b-0702-4b25-8055-b6188187e326>, <SniEndPoint: 0f7c8910-3aa9-41a2-8468-1cfe1ab42d40-us-east-1.db.astra.datastax.com:29042:8003fb44-ae07-4e08-b357-d02895470c11>, <SniEndPoint: 0f7c8910-3aa9-41a2-8468-1cfe1ab42d40-us-east-1.db.astra.datastax.com:29042:a0c7df23-a428-4896-ad53-0b85d423a4fe>]; protocol version: 66 
 cassandra.io.asyncorereactor : 2021-08-11 18:59:53,935 : asyncorereactor.py : Validated loop dispatch with <class 'cassandra.io.asyncorereactor._BusyWaitDispatcher'> 
 cassandra.pool : 2021-08-11 18:59:53,936 : pool.py : Host 0f7c8910-3aa9-41a2-8468-1cfe1ab42d40-us-east-1.db.astra.datastax.com:29042:17857d1b-0702-4b25-8055-b6188187e326 is now marked up 
 cassandra.pool : 2021-08-11 18:59:53,936 : pool.py : Host 0f7c8910-3aa9-41a2-8468-1cfe1ab42d40-us-east-1.db.astra.datastax.com:29042:8003fb44-ae07-4e08-b357-d02895470c11 is now marked up 
 cassandra.pool : 2021-08-11 18:59:53,936 : pool.py : Host 0f7c8910-3aa9-41a2-8468-1cfe1ab42d40-us-east-1.db.astra.datastax.com:29042:a0c7df23-a428-4896-ad53-0b85d423a4fe is now marked up 
 cassandra.cluster : 2021-08-11 18:59:53,937 : cluster.py : [control connection] Opening new connection to 0f7c8910-3aa9-41a2-8468-1cfe1ab42d40-us-east-1.db.astra.datastax.com:29042:17857d1b-0702-4b25-8055-b6188187e326 
 cassandra.io.asyncorereactor : 2021-08-11 18:59:54,659 : asyncorereactor.py : Starting asyncore event loop 
 cassandra.connection : 2021-08-11 18:59:54,669 : connection.py : Sending initial options message for new connection (2194793538224) to 0f7c8910-3aa9-41a2-8468-1cfe1ab42d40-us-east-1.db.astra.datastax.com:29042:17857d1b-0702-4b25-8055-b6188187e326 
 cassandra.connection : 2021-08-11 18:59:54,916 : connection.py : Defuncting connection (2194793538224) to 0f7c8910-3aa9-41a2-8468-1cfe1ab42d40-us-east-1.db.astra.datastax.com:29042:17857d1b-0702-4b25-8055-b6188187e326: <Error from server: code=000a [Protocol error] message="Invalid or unsupported protocol version (66); supported versions are (3/v3, 4/v4, 5/v5-beta)"> 
 cassandra.io.asyncorereactor : 2021-08-11 18:59:54,916 : asyncorereactor.py : Closing connection (2194793538224) to 0f7c8910-3aa9-41a2-8468-1cfe1ab42d40-us-east-1.db.astra.datastax.com:29042:17857d1b-0702-4b25-8055-b6188187e326 
 cassandra.io.asyncorereactor : 2021-08-11 18:59:54,916 : asyncorereactor.py : Closed socket to 0f7c8910-3aa9-41a2-8468-1cfe1ab42d40-us-east-1.db.astra.datastax.com:29042:17857d1b-0702-4b25-8055-b6188187e326 
 cassandra.cluster : 2021-08-11 18:59:54,917 : cluster.py : Downgrading core protocol version from 66 to 65 for 0f7c8910-3aa9-41a2-8468-1cfe1ab42d40-us-east-1.db.astra.datastax.com:29042:17857d1b-0702-4b25-8055-b6188187e326. To avoid this, it is best practice to explicitly set Cluster(protocol_version) to the version supported by your cluster. http://datastax.github.io/python-driver/api/cassandra/cluster.html#cassandra.cluster.Cluster.protocol_version 
 cassandra.connection : 2021-08-11 18:59:56,214 : connection.py : Sending initial options message for new connection (2194793563808) to 0f7c8910-3aa9-41a2-8468-1cfe1ab42d40-us-east-1.db.astra.datastax.com:29042:17857d1b-0702-4b25-8055-b6188187e326 
 cassandra.connection : 2021-08-11 18:59:56,482 : connection.py : Defuncting connection (2194793563808) to 0f7c8910-3aa9-41a2-8468-1cfe1ab42d40-us-east-1.db.astra.datastax.com:29042:17857d1b-0702-4b25-8055-b6188187e326: <Error from server: code=000a [Protocol error] message="Invalid or unsupported protocol version (65); supported versions are (3/v3, 4/v4, 5/v5-beta)"> 
 cassandra.io.asyncorereactor : 2021-08-11 18:59:56,482 : asyncorereactor.py : Closing connection (2194793563808) to 0f7c8910-3aa9-41a2-8468-1cfe1ab42d40-us-east-1.db.astra.datastax.com:29042:17857d1b-0702-4b25-8055-b6188187e326 
 cassandra.io.asyncorereactor : 2021-08-11 18:59:56,482 : asyncorereactor.py : Closed socket to 0f7c8910-3aa9-41a2-8468-1cfe1ab42d40-us-east-1.db.astra.datastax.com:29042:17857d1b-0702-4b25-8055-b6188187e326 
 cassandra.cluster : 2021-08-11 18:59:56,483 : cluster.py : Downgrading core protocol version from 65 to 5 for 0f7c8910-3aa9-41a2-8468-1cfe1ab42d40-us-east-1.db.astra.datastax.com:29042:17857d1b-0702-4b25-8055-b6188187e326. To avoid this, it is best practice to explicitly set Cluster(protocol_version) to the version supported by your cluster. http://datastax.github.io/python-driver/api/cassandra/cluster.html#cassandra.cluster.Cluster.protocol_version 
 cassandra.connection : 2021-08-11 18:59:57,778 : connection.py : Sending initial options message for new connection (2194793540576) to 0f7c8910-3aa9-41a2-8468-1cfe1ab42d40-us-east-1.db.astra.datastax.com:29042:17857d1b-0702-4b25-8055-b6188187e326 
 cassandra.connection : 2021-08-11 18:59:58,029 : connection.py : Closing connection <AsyncoreConnection(2194793540576) 0f7c8910-3aa9-41a2-8468-1cfe1ab42d40-us-east-1.db.astra.datastax.com:29042:17857d1b-0702-4b25-8055-b6188187e326> due to protocol error: Error from server: code=000a [Protocol error] message="Beta version of the protocol used (5/v5-beta), but USE_BETA flag is unset" 
 cassandra.connection : 2021-08-11 18:59:58,030 : connection.py : Defuncting connection (2194793540576) to 0f7c8910-3aa9-41a2-8468-1cfe1ab42d40-us-east-1.db.astra.datastax.com:29042:17857d1b-0702-4b25-8055-b6188187e326: <Error from server: code=000a [Protocol error] message="Beta version of the protocol used (5/v5-beta), but USE_BETA flag is unset"> 
 cassandra.io.asyncorereactor : 2021-08-11 18:59:58,030 : asyncorereactor.py : Closing connection (2194793540576) to 0f7c8910-3aa9-41a2-8468-1cfe1ab42d40-us-east-1.db.astra.datastax.com:29042:17857d1b-0702-4b25-8055-b6188187e326 
 cassandra.io.asyncorereactor : 2021-08-11 18:59:58,031 : asyncorereactor.py : Closed socket to 0f7c8910-3aa9-41a2-8468-1cfe1ab42d40-us-east-1.db.astra.datastax.com:29042:17857d1b-0702-4b25-8055-b6188187e326 
 cassandra.cluster : 2021-08-11 18:59:58,033 : cluster.py : Downgrading core protocol version from 5 to 4 for 0f7c8910-3aa9-41a2-8468-1cfe1ab42d40-us-east-1.db.astra.datastax.com:29042:17857d1b-0702-4b25-8055-b6188187e326. To avoid this, it is best practice to explicitly set Cluster(protocol_version) to the version supported by your cluster. http://datastax.github.io/python-driver/api/cassandra/cluster.html#cassandra.cluster.Cluster.protocol_version 
 cassandra.connection : 2021-08-11 18:59:59,322 : connection.py : Sending initial options message for new connection (2194793537888) to 0f7c8910-3aa9-41a2-8468-1cfe1ab42d40-us-east-1.db.astra.datastax.com:29042:17857d1b-0702-4b25-8055-b6188187e326 
 cassandra.connection : 2021-08-11 18:59:59,586 : connection.py : Received options response on new connection (2194793537888) from 0f7c8910-3aa9-41a2-8468-1cfe1ab42d40-us-east-1.db.astra.datastax.com:29042:17857d1b-0702-4b25-8055-b6188187e326 
 cassandra.connection : 2021-08-11 18:59:59,587 : connection.py : No available compression types supported on both ends. locally supported: odict_keys([]). remotely supported: ['snappy', 'lz4'] 
 cassandra.connection : 2021-08-11 18:59:59,588 : connection.py : Sending StartupMessage on <AsyncoreConnection(2194793537888) 0f7c8910-3aa9-41a2-8468-1cfe1ab42d40-us-east-1.db.astra.datastax.com:29042:17857d1b-0702-4b25-8055-b6188187e326> 
 cassandra.connection : 2021-08-11 18:59:59,589 : connection.py : Sent StartupMessage on <AsyncoreConnection(2194793537888) 0f7c8910-3aa9-41a2-8468-1cfe1ab42d40-us-east-1.db.astra.datastax.com:29042:17857d1b-0702-4b25-8055-b6188187e326> 
 cassandra.connection : 2021-08-11 18:59:59,841 : connection.py : Got AuthenticateMessage on new connection (2194793537888) from 0f7c8910-3aa9-41a2-8468-1cfe1ab42d40-us-east-1.db.astra.datastax.com:29042:17857d1b-0702-4b25-8055-b6188187e326: org.apache.cassandra.auth.PasswordAuthenticator 
 cassandra.connection : 2021-08-11 18:59:59,842 : connection.py : Sending SASL-based auth response on <AsyncoreConnection(2194793537888) 0f7c8910-3aa9-41a2-8468-1cfe1ab42d40-us-east-1.db.astra.datastax.com:29042:17857d1b-0702-4b25-8055-b6188187e326> 
 cassandra.connection : 2021-08-11 19:00:00,098 : connection.py : Connection <AsyncoreConnection(2194793537888) 0f7c8910-3aa9-41a2-8468-1cfe1ab42d40-us-east-1.db.astra.datastax.com:29042:17857d1b-0702-4b25-8055-b6188187e326> successfully authenticated 
 cassandra.cluster : 2021-08-11 19:00:00,099 : cluster.py : [control connection] Established new connection <AsyncoreConnection(2194793537888) 0f7c8910-3aa9-41a2-8468-1cfe1ab42d40-us-east-1.db.astra.datastax.com:29042:17857d1b-0702-4b25-8055-b6188187e326>, registering watchers and refreshing schema and topology 
 cassandra.cluster : 2021-08-11 19:00:01,122 : cluster.py : [control connection] Refreshing node list and token map using preloaded results 
 cassandra.policies : 2021-08-11 19:00:01,123 : policies.py : Using datacenter 'us-east-1' for DCAwareRoundRobinPolicy (via host '0f7c8910-3aa9-41a2-8468-1cfe1ab42d40-us-east-1.db.astra.datastax.com:29042:17857d1b-0702-4b25-8055-b6188187e326'); if incorrect, please specify a local_dc to the constructor, or limit contact points to local cluster nodes 
 cassandra.cluster : 2021-08-11 19:00:01,125 : cluster.py : [control connection] Finished fetching ring info 
 cassandra.cluster : 2021-08-11 19:00:01,125 : cluster.py : [control connection] Rebuilding token map due to topology changes 
 cassandra.cluster : 2021-08-11 19:00:02,154 : cluster.py : Control connection created 
 cassandra.pool : 2021-08-11 19:00:02,156 : pool.py : Initializing connection for host 0f7c8910-3aa9-41a2-8468-1cfe1ab42d40-us-east-1.db.astra.datastax.com:29042:17857d1b-0702-4b25-8055-b6188187e326 
 cassandra.pool : 2021-08-11 19:00:02,157 : pool.py : Initializing connection for host 0f7c8910-3aa9-41a2-8468-1cfe1ab42d40-us-east-1.db.astra.datastax.com:29042:8003fb44-ae07-4e08-b357-d02895470c11 
 cassandra.connection : 2021-08-11 19:00:03,727 : connection.py : Sending initial options message for new connection (2194794308944) to 0f7c8910-3aa9-41a2-8468-1cfe1ab42d40-us-east-1.db.astra.datastax.com:29042:17857d1b-0702-4b25-8055-b6188187e326 
 cassandra.connection : 2021-08-11 19:00:03,727 : connection.py : Sending initial options message for new connection (2194794247312) to 0f7c8910-3aa9-41a2-8468-1cfe1ab42d40-us-east-1.db.astra.datastax.com:29042:8003fb44-ae07-4e08-b357-d02895470c11 
 cassandra.connection : 2021-08-11 19:00:03,965 : connection.py : Received options response on new connection (2194794308944) from 0f7c8910-3aa9-41a2-8468-1cfe1ab42d40-us-east-1.db.astra.datastax.com:29042:17857d1b-0702-4b25-8055-b6188187e326 
 cassandra.connection : 2021-08-11 19:00:03,966 : connection.py : No available compression types supported on both ends. locally supported: odict_keys([]). remotely supported: ['snappy', 'lz4'] 
 cassandra.connection : 2021-08-11 19:00:03,966 : connection.py : Sending StartupMessage on <AsyncoreConnection(2194794308944) 0f7c8910-3aa9-41a2-8468-1cfe1ab42d40-us-east-1.db.astra.datastax.com:29042:17857d1b-0702-4b25-8055-b6188187e326> 
 cassandra.connection : 2021-08-11 19:00:03,966 : connection.py : Sent StartupMessage on <AsyncoreConnection(2194794308944) 0f7c8910-3aa9-41a2-8468-1cfe1ab42d40-us-east-1.db.astra.datastax.com:29042:17857d1b-0702-4b25-8055-b6188187e326> 
 cassandra.connection : 2021-08-11 19:00:03,969 : connection.py : Received options response on new connection (2194794247312) from 0f7c8910-3aa9-41a2-8468-1cfe1ab42d40-us-east-1.db.astra.datastax.com:29042:8003fb44-ae07-4e08-b357-d02895470c11 
 cassandra.connection : 2021-08-11 19:00:03,969 : connection.py : No available compression types supported on both ends. locally supported: odict_keys([]). remotely supported: ['snappy', 'lz4'] 
 cassandra.connection : 2021-08-11 19:00:03,969 : connection.py : Sending StartupMessage on <AsyncoreConnection(2194794247312) 0f7c8910-3aa9-41a2-8468-1cfe1ab42d40-us-east-1.db.astra.datastax.com:29042:8003fb44-ae07-4e08-b357-d02895470c11> 
 cassandra.connection : 2021-08-11 19:00:03,970 : connection.py : Sent StartupMessage on <AsyncoreConnection(2194794247312) 0f7c8910-3aa9-41a2-8468-1cfe1ab42d40-us-east-1.db.astra.datastax.com:29042:8003fb44-ae07-4e08-b357-d02895470c11> 
 cassandra.connection : 2021-08-11 19:00:04,205 : connection.py : Got AuthenticateMessage on new connection (2194794308944) from 0f7c8910-3aa9-41a2-8468-1cfe1ab42d40-us-east-1.db.astra.datastax.com:29042:17857d1b-0702-4b25-8055-b6188187e326: org.apache.cassandra.auth.PasswordAuthenticator 
 cassandra.connection : 2021-08-11 19:00:04,205 : connection.py : Sending SASL-based auth response on <AsyncoreConnection(2194794308944) 0f7c8910-3aa9-41a2-8468-1cfe1ab42d40-us-east-1.db.astra.datastax.com:29042:17857d1b-0702-4b25-8055-b6188187e326> 
 cassandra.connection : 2021-08-11 19:00:04,211 : connection.py : Got AuthenticateMessage on new connection (2194794247312) from 0f7c8910-3aa9-41a2-8468-1cfe1ab42d40-us-east-1.db.astra.datastax.com:29042:8003fb44-ae07-4e08-b357-d02895470c11: org.apache.cassandra.auth.PasswordAuthenticator 
 cassandra.connection : 2021-08-11 19:00:04,211 : connection.py : Sending SASL-based auth response on <AsyncoreConnection(2194794247312) 0f7c8910-3aa9-41a2-8468-1cfe1ab42d40-us-east-1.db.astra.datastax.com:29042:8003fb44-ae07-4e08-b357-d02895470c11> 
 cassandra.connection : 2021-08-11 19:00:04,451 : connection.py : Connection <AsyncoreConnection(2194794308944) 0f7c8910-3aa9-41a2-8468-1cfe1ab42d40-us-east-1.db.astra.datastax.com:29042:17857d1b-0702-4b25-8055-b6188187e326> successfully authenticated 
 cassandra.pool : 2021-08-11 19:00:04,452 : pool.py : Finished initializing connection for host 0f7c8910-3aa9-41a2-8468-1cfe1ab42d40-us-east-1.db.astra.datastax.com:29042:17857d1b-0702-4b25-8055-b6188187e326 
 cassandra.cluster : 2021-08-11 19:00:04,453 : cluster.py : Added pool for host 0f7c8910-3aa9-41a2-8468-1cfe1ab42d40-us-east-1.db.astra.datastax.com:29042:17857d1b-0702-4b25-8055-b6188187e326 to session 
 cassandra.pool : 2021-08-11 19:00:04,453 : pool.py : Initializing connection for host 0f7c8910-3aa9-41a2-8468-1cfe1ab42d40-us-east-1.db.astra.datastax.com:29042:a0c7df23-a428-4896-ad53-0b85d423a4fe 
 cassandra.connection : 2021-08-11 19:00:04,459 : connection.py : Connection <AsyncoreConnection(2194794247312) 0f7c8910-3aa9-41a2-8468-1cfe1ab42d40-us-east-1.db.astra.datastax.com:29042:8003fb44-ae07-4e08-b357-d02895470c11> successfully authenticated 
 cassandra.pool : 2021-08-11 19:00:04,459 : pool.py : Finished initializing connection for host 0f7c8910-3aa9-41a2-8468-1cfe1ab42d40-us-east-1.db.astra.datastax.com:29042:8003fb44-ae07-4e08-b357-d02895470c11 
 cassandra.cluster : 2021-08-11 19:00:04,459 : cluster.py : Added pool for host 0f7c8910-3aa9-41a2-8468-1cfe1ab42d40-us-east-1.db.astra.datastax.com:29042:8003fb44-ae07-4e08-b357-d02895470c11 to session 
 cassandra.cluster : 2021-08-11 19:00:04,459 : cluster.py : Not starting MonitorReporter thread for Insights; not supported by server version 4.0.0.6814 on ControlConnection host 0f7c8910-3aa9-41a2-8468-1cfe1ab42d40-us-east-1.db.astra.datastax.com:29042:17857d1b-0702-4b25-8055-b6188187e326 
 cassandra.cluster : 2021-08-11 19:00:04,460 : cluster.py : Started Session with client_id 89a5805d-b221-4486-9299-1815544cf03d and session_id ac8531d0-f040-4000-84a7-cc101a7f78ab 
 featureSetting : 2021-08-11 19:00:05,214 : featureSetting.py : Data retrieved 
 featureSetting : 2021-08-11 19:00:05,215 : featureSetting.py : Threading join ! 
 root : 2021-08-11 19:00:05,216 : app.py : Prediction success! 
 root : 2021-08-11 19:00:05,216 : app.py : Output displayed! 
 werkzeug : 2021-08-11 19:00:05,219 : _internal.py : 127.0.0.1 - - [11/Aug/2021 19:00:05] "POST / HTTP/1.1" 200 - 
 werkzeug : 2021-08-11 19:00:05,291 : _internal.py : 127.0.0.1 - - [11/Aug/2021 19:00:05] "[36mGET /static/style.css HTTP/1.1[0m" 304 - 
 cassandra.connection : 2021-08-11 19:00:06,564 : connection.py : Sending initial options message for new connection (2194794246592) to 0f7c8910-3aa9-41a2-8468-1cfe1ab42d40-us-east-1.db.astra.datastax.com:29042:a0c7df23-a428-4896-ad53-0b85d423a4fe 
 cassandra.connection : 2021-08-11 19:00:06,810 : connection.py : Received options response on new connection (2194794246592) from 0f7c8910-3aa9-41a2-8468-1cfe1ab42d40-us-east-1.db.astra.datastax.com:29042:a0c7df23-a428-4896-ad53-0b85d423a4fe 
 cassandra.connection : 2021-08-11 19:00:06,810 : connection.py : No available compression types supported on both ends. locally supported: odict_keys([]). remotely supported: ['snappy', 'lz4'] 
 cassandra.connection : 2021-08-11 19:00:06,811 : connection.py : Sending StartupMessage on <AsyncoreConnection(2194794246592) 0f7c8910-3aa9-41a2-8468-1cfe1ab42d40-us-east-1.db.astra.datastax.com:29042:a0c7df23-a428-4896-ad53-0b85d423a4fe> 
 cassandra.connection : 2021-08-11 19:00:06,811 : connection.py : Sent StartupMessage on <AsyncoreConnection(2194794246592) 0f7c8910-3aa9-41a2-8468-1cfe1ab42d40-us-east-1.db.astra.datastax.com:29042:a0c7df23-a428-4896-ad53-0b85d423a4fe> 
 cassandra.connection : 2021-08-11 19:00:07,040 : connection.py : Got AuthenticateMessage on new connection (2194794246592) from 0f7c8910-3aa9-41a2-8468-1cfe1ab42d40-us-east-1.db.astra.datastax.com:29042:a0c7df23-a428-4896-ad53-0b85d423a4fe: org.apache.cassandra.auth.PasswordAuthenticator 
 cassandra.connection : 2021-08-11 19:00:07,040 : connection.py : Sending SASL-based auth response on <AsyncoreConnection(2194794246592) 0f7c8910-3aa9-41a2-8468-1cfe1ab42d40-us-east-1.db.astra.datastax.com:29042:a0c7df23-a428-4896-ad53-0b85d423a4fe> 
 cassandra.connection : 2021-08-11 19:00:07,274 : connection.py : Connection <AsyncoreConnection(2194794246592) 0f7c8910-3aa9-41a2-8468-1cfe1ab42d40-us-east-1.db.astra.datastax.com:29042:a0c7df23-a428-4896-ad53-0b85d423a4fe> successfully authenticated 
 cassandra.pool : 2021-08-11 19:00:07,508 : pool.py : Finished initializing connection for host 0f7c8910-3aa9-41a2-8468-1cfe1ab42d40-us-east-1.db.astra.datastax.com:29042:a0c7df23-a428-4896-ad53-0b85d423a4fe 
 cassandra.cluster : 2021-08-11 19:00:07,509 : cluster.py : Added pool for host 0f7c8910-3aa9-41a2-8468-1cfe1ab42d40-us-east-1.db.astra.datastax.com:29042:a0c7df23-a428-4896-ad53-0b85d423a4fe to session 
 cassandra.connection : 2021-08-11 19:01:02,186 : connection.py : Sending options message heartbeat on idle connection (2194794308944) 0f7c8910-3aa9-41a2-8468-1cfe1ab42d40-us-east-1.db.astra.datastax.com:29042:17857d1b-0702-4b25-8055-b6188187e326 
 cassandra.connection : 2021-08-11 19:01:02,186 : connection.py : Sending options message heartbeat on idle connection (2194794247312) 0f7c8910-3aa9-41a2-8468-1cfe1ab42d40-us-east-1.db.astra.datastax.com:29042:8003fb44-ae07-4e08-b357-d02895470c11 
 cassandra.connection : 2021-08-11 19:01:02,186 : connection.py : Sending options message heartbeat on idle connection (2194794246592) 0f7c8910-3aa9-41a2-8468-1cfe1ab42d40-us-east-1.db.astra.datastax.com:29042:a0c7df23-a428-4896-ad53-0b85d423a4fe 
 cassandra.connection : 2021-08-11 19:01:02,186 : connection.py : Sending options message heartbeat on idle connection (2194793537888) 0f7c8910-3aa9-41a2-8468-1cfe1ab42d40-us-east-1.db.astra.datastax.com:29042:17857d1b-0702-4b25-8055-b6188187e326 
 cassandra.connection : 2021-08-11 19:01:02,435 : connection.py : Received options response on connection (2194794246592) from 0f7c8910-3aa9-41a2-8468-1cfe1ab42d40-us-east-1.db.astra.datastax.com:29042:a0c7df23-a428-4896-ad53-0b85d423a4fe 
 cassandra.connection : 2021-08-11 19:01:02,445 : connection.py : Received options response on connection (2194794308944) from 0f7c8910-3aa9-41a2-8468-1cfe1ab42d40-us-east-1.db.astra.datastax.com:29042:17857d1b-0702-4b25-8055-b6188187e326 
 cassandra.connection : 2021-08-11 19:01:02,445 : connection.py : Received options response on connection (2194794247312) from 0f7c8910-3aa9-41a2-8468-1cfe1ab42d40-us-east-1.db.astra.datastax.com:29042:8003fb44-ae07-4e08-b357-d02895470c11 
 cassandra.connection : 2021-08-11 19:01:02,445 : connection.py : Received options response on connection (2194793537888) from 0f7c8910-3aa9-41a2-8468-1cfe1ab42d40-us-east-1.db.astra.datastax.com:29042:17857d1b-0702-4b25-8055-b6188187e326 
 cassandra.connection : 2021-08-11 19:01:32,205 : connection.py : Sending options message heartbeat on idle connection (2194794308944) 0f7c8910-3aa9-41a2-8468-1cfe1ab42d40-us-east-1.db.astra.datastax.com:29042:17857d1b-0702-4b25-8055-b6188187e326 
 cassandra.connection : 2021-08-11 19:01:32,205 : connection.py : Sending options message heartbeat on idle connection (2194794247312) 0f7c8910-3aa9-41a2-8468-1cfe1ab42d40-us-east-1.db.astra.datastax.com:29042:8003fb44-ae07-4e08-b357-d02895470c11 
 cassandra.connection : 2021-08-11 19:01:32,205 : connection.py : Sending options message heartbeat on idle connection (2194794246592) 0f7c8910-3aa9-41a2-8468-1cfe1ab42d40-us-east-1.db.astra.datastax.com:29042:a0c7df23-a428-4896-ad53-0b85d423a4fe 
 cassandra.connection : 2021-08-11 19:01:32,205 : connection.py : Sending options message heartbeat on idle connection (2194793537888) 0f7c8910-3aa9-41a2-8468-1cfe1ab42d40-us-east-1.db.astra.datastax.com:29042:17857d1b-0702-4b25-8055-b6188187e326 
 cassandra.connection : 2021-08-11 19:01:32,455 : connection.py : Received options response on connection (2194794246592) from 0f7c8910-3aa9-41a2-8468-1cfe1ab42d40-us-east-1.db.astra.datastax.com:29042:a0c7df23-a428-4896-ad53-0b85d423a4fe 
 cassandra.connection : 2021-08-11 19:01:32,457 : connection.py : Received options response on connection (2194794308944) from 0f7c8910-3aa9-41a2-8468-1cfe1ab42d40-us-east-1.db.astra.datastax.com:29042:17857d1b-0702-4b25-8055-b6188187e326 
 cassandra.connection : 2021-08-11 19:01:32,465 : connection.py : Received options response on connection (2194794247312) from 0f7c8910-3aa9-41a2-8468-1cfe1ab42d40-us-east-1.db.astra.datastax.com:29042:8003fb44-ae07-4e08-b357-d02895470c11 
 cassandra.connection : 2021-08-11 19:01:32,465 : connection.py : Received options response on connection (2194793537888) from 0f7c8910-3aa9-41a2-8468-1cfe1ab42d40-us-east-1.db.astra.datastax.com:29042:17857d1b-0702-4b25-8055-b6188187e326 
 cassandra.connection : 2021-08-11 19:02:02,215 : connection.py : Sending options message heartbeat on idle connection (2194794308944) 0f7c8910-3aa9-41a2-8468-1cfe1ab42d40-us-east-1.db.astra.datastax.com:29042:17857d1b-0702-4b25-8055-b6188187e326 
 cassandra.connection : 2021-08-11 19:02:02,215 : connection.py : Sending options message heartbeat on idle connection (2194794247312) 0f7c8910-3aa9-41a2-8468-1cfe1ab42d40-us-east-1.db.astra.datastax.com:29042:8003fb44-ae07-4e08-b357-d02895470c11 
 cassandra.connection : 2021-08-11 19:02:02,215 : connection.py : Sending options message heartbeat on idle connection (2194794246592) 0f7c8910-3aa9-41a2-8468-1cfe1ab42d40-us-east-1.db.astra.datastax.com:29042:a0c7df23-a428-4896-ad53-0b85d423a4fe 
 cassandra.connection : 2021-08-11 19:02:02,215 : connection.py : Sending options message heartbeat on idle connection (2194793537888) 0f7c8910-3aa9-41a2-8468-1cfe1ab42d40-us-east-1.db.astra.datastax.com:29042:17857d1b-0702-4b25-8055-b6188187e326 
 cassandra.connection : 2021-08-11 19:02:02,455 : connection.py : Received options response on connection (2194794246592) from 0f7c8910-3aa9-41a2-8468-1cfe1ab42d40-us-east-1.db.astra.datastax.com:29042:a0c7df23-a428-4896-ad53-0b85d423a4fe 
 cassandra.connection : 2021-08-11 19:02:02,465 : connection.py : Received options response on connection (2194794308944) from 0f7c8910-3aa9-41a2-8468-1cfe1ab42d40-us-east-1.db.astra.datastax.com:29042:17857d1b-0702-4b25-8055-b6188187e326 
 cassandra.connection : 2021-08-11 19:02:02,475 : connection.py : Received options response on connection (2194794247312) from 0f7c8910-3aa9-41a2-8468-1cfe1ab42d40-us-east-1.db.astra.datastax.com:29042:8003fb44-ae07-4e08-b357-d02895470c11 
 cassandra.connection : 2021-08-11 19:02:02,475 : connection.py : Received options response on connection (2194793537888) from 0f7c8910-3aa9-41a2-8468-1cfe1ab42d40-us-east-1.db.astra.datastax.com:29042:17857d1b-0702-4b25-8055-b6188187e326 
 cassandra.connection : 2021-08-11 19:02:32,228 : connection.py : Sending options message heartbeat on idle connection (2194794308944) 0f7c8910-3aa9-41a2-8468-1cfe1ab42d40-us-east-1.db.astra.datastax.com:29042:17857d1b-0702-4b25-8055-b6188187e326 
 cassandra.connection : 2021-08-11 19:02:32,228 : connection.py : Sending options message heartbeat on idle connection (2194794247312) 0f7c8910-3aa9-41a2-8468-1cfe1ab42d40-us-east-1.db.astra.datastax.com:29042:8003fb44-ae07-4e08-b357-d02895470c11 
 cassandra.connection : 2021-08-11 19:02:32,228 : connection.py : Sending options message heartbeat on idle connection (2194794246592) 0f7c8910-3aa9-41a2-8468-1cfe1ab42d40-us-east-1.db.astra.datastax.com:29042:a0c7df23-a428-4896-ad53-0b85d423a4fe 
 cassandra.connection : 2021-08-11 19:02:32,228 : connection.py : Sending options message heartbeat on idle connection (2194793537888) 0f7c8910-3aa9-41a2-8468-1cfe1ab42d40-us-east-1.db.astra.datastax.com:29042:17857d1b-0702-4b25-8055-b6188187e326 
 cassandra.connection : 2021-08-11 19:02:32,470 : connection.py : Received options response on connection (2194794246592) from 0f7c8910-3aa9-41a2-8468-1cfe1ab42d40-us-east-1.db.astra.datastax.com:29042:a0c7df23-a428-4896-ad53-0b85d423a4fe 
 cassandra.connection : 2021-08-11 19:02:32,490 : connection.py : Received options response on connection (2194794308944) from 0f7c8910-3aa9-41a2-8468-1cfe1ab42d40-us-east-1.db.astra.datastax.com:29042:17857d1b-0702-4b25-8055-b6188187e326 
 cassandra.connection : 2021-08-11 19:02:32,490 : connection.py : Received options response on connection (2194793537888) from 0f7c8910-3aa9-41a2-8468-1cfe1ab42d40-us-east-1.db.astra.datastax.com:29042:17857d1b-0702-4b25-8055-b6188187e326 
 cassandra.connection : 2021-08-11 19:02:32,490 : connection.py : Received options response on connection (2194794247312) from 0f7c8910-3aa9-41a2-8468-1cfe1ab42d40-us-east-1.db.astra.datastax.com:29042:8003fb44-ae07-4e08-b357-d02895470c11 
 cassandra.connection : 2021-08-11 19:03:02,237 : connection.py : Sending options message heartbeat on idle connection (2194794308944) 0f7c8910-3aa9-41a2-8468-1cfe1ab42d40-us-east-1.db.astra.datastax.com:29042:17857d1b-0702-4b25-8055-b6188187e326 
 cassandra.connection : 2021-08-11 19:03:02,237 : connection.py : Sending options message heartbeat on idle connection (2194794247312) 0f7c8910-3aa9-41a2-8468-1cfe1ab42d40-us-east-1.db.astra.datastax.com:29042:8003fb44-ae07-4e08-b357-d02895470c11 
 cassandra.connection : 2021-08-11 19:03:02,237 : connection.py : Sending options message heartbeat on idle connection (2194794246592) 0f7c8910-3aa9-41a2-8468-1cfe1ab42d40-us-east-1.db.astra.datastax.com:29042:a0c7df23-a428-4896-ad53-0b85d423a4fe 
 cassandra.connection : 2021-08-11 19:03:02,237 : connection.py : Sending options message heartbeat on idle connection (2194793537888) 0f7c8910-3aa9-41a2-8468-1cfe1ab42d40-us-east-1.db.astra.datastax.com:29042:17857d1b-0702-4b25-8055-b6188187e326 
 cassandra.connection : 2021-08-11 19:03:02,485 : connection.py : Received options response on connection (2194794246592) from 0f7c8910-3aa9-41a2-8468-1cfe1ab42d40-us-east-1.db.astra.datastax.com:29042:a0c7df23-a428-4896-ad53-0b85d423a4fe 
 cassandra.connection : 2021-08-11 19:03:02,495 : connection.py : Received options response on connection (2194794308944) from 0f7c8910-3aa9-41a2-8468-1cfe1ab42d40-us-east-1.db.astra.datastax.com:29042:17857d1b-0702-4b25-8055-b6188187e326 
 cassandra.connection : 2021-08-11 19:03:02,495 : connection.py : Received options response on connection (2194793537888) from 0f7c8910-3aa9-41a2-8468-1cfe1ab42d40-us-east-1.db.astra.datastax.com:29042:17857d1b-0702-4b25-8055-b6188187e326 
 cassandra.connection : 2021-08-11 19:03:02,495 : connection.py : Received options response on connection (2194794247312) from 0f7c8910-3aa9-41a2-8468-1cfe1ab42d40-us-east-1.db.astra.datastax.com:29042:8003fb44-ae07-4e08-b357-d02895470c11 
